// Jest Snapshot v1, https://goo.gl/fbAQLP

exports[`Footer Component footer matches the snapshot. 1`] = `
<DocumentFragment>
  <footer
    aria-label="Footer"
    class="footer"
  >
    <div
      class="footer-container"
    >
      <p
        class="footer-seasonal"
      >
        Welcoming the calm of September üçÇ 
      </p>
      <p
        class="footer-credit"
      >
        Designed by 
        <strong>
          Kyle McColgan
        </strong>
        , 2025.
      </p>
    </div>
  </footer>
</DocumentFragment>
`;
