// Jest Snapshot v1, https://goo.gl/fbAQLP

exports[`Header Component matches the snapshot 1`] = `
<DocumentFragment>
  <header
    class="site-header"
    role="banner"
  >
    <div
      class="header-content"
    >
      <figure
        class="header-image-wrapper"
      >
        <img
          alt="Kyle on a boat by the beach."
          class="header-img"
          decoding="async"
          loading="lazy"
          src="test-file-stub"
        />
        <figcaption
          class="visually-hidden"
        >
          Portrait of Kyle D. McColgan on a boat by the beach.
        </figcaption>
      </figure>
      <div
        class="header-text"
      >
        <h1
          class="header-name"
        >
          Kyle D. McColgan
        </h1>
        <p
          class="header-role"
        >
          Technology Professional
        </p>
      </div>
    </div>
  </header>
</DocumentFragment>
`;
