// Jest Snapshot v1, https://goo.gl/fbAQLP

exports[`Mission Component matches the snapshot of the Mission section 1`] = `
<DocumentFragment>
  <section
    aria-labelledby="mission-title"
    class="section"
    id="mission"
  >
    <h2
      class="section-title"
      id="mission-title"
    >
      Mission Statement
    </h2>
    <div
      class="section-body"
      id="mission-body"
    >
      <p>
        My mission is to uplift the local tech community by sharing the knowledge I've gained and fostering an environment of integrity, collaboration, and continuous growth. Through leading by example, I aim to inspire others in their journey toward technical excellence.
      </p>
      <p>
        I am dedicated to supporting developers, IT professionals, and organizations in building secure, efficient, and scalable systems. My goal is to exceed expectations by delivering solutions that are thoughtfully designed, secure, and accessible.
      </p>
      <p>
        Driven by the evolving world of technology, I embrace challenges as opportunities for growth. By staying curious and persistent, I strive to contribute positively to the broader tech landscape while growing personally and professionally.
      </p>
    </div>
  </section>
</DocumentFragment>
`;
