// Jest Snapshot v1, https://goo.gl/fbAQLP

exports[`Skills Component matches the snapshot of the Skills section 1`] = `
<DocumentFragment>
  <section
    aria-labelledby="skills-title"
    class="section"
    id="skills"
  >
    <h2
      class="section-title"
      id="skills-title"
    >
      Skills
    </h2>
    <ul
      class="skills-list"
    >
      <li
        class="card skills-card"
      >
        <h3
          class="skills-subtitle"
        >
          Application Development
        </h3>
        <p>
          Proficient in Java and JavaScript, building scalable web apps with clean architecture. Experienced with React on the front end and Spring Boot on the backend to deliver responsive full-stack solutions.
        </p>
      </li>
      <li
        class="card skills-card"
      >
        <h3
          class="skills-subtitle"
        >
          Frontend Engineering
        </h3>
        <p>
          Skilled in HTML, CSS, and modern JavaScript. I use React to create intuitive, accessible UIs and incorporate libraries like Bootstrap and Material-UI to accelerate design implementation.
        </p>
      </li>
      <li
        class="card skills-card"
      >
        <h3
          class="skills-subtitle"
        >
          Backend & Systems
        </h3>
        <p>
          Comfortable working with Java, C++, and Python for backend development and systems programming. I focus on writing efficient, secure, and well-documented code for maintainability and performance.
        </p>
      </li>
      <li
        class="card skills-card"
      >
        <h3
          class="skills-subtitle"
        >
          Information Security
        </h3>
        <p>
          Solid understanding of secure coding practices, data protection, and threat mitigation. Actively applying these principles in personal projects to reinforce privacy, integrity, and robust application design.
        </p>
      </li>
    </ul>
  </section>
</DocumentFragment>
`;
